
> edubeta@0.1.0 build
> vite build

[36mvite v5.4.21 [32mbuilding for production...[36m[39m
transforming...
[32mÔ£ô[39m 2476 modules transformed.
rendering chunks...
computing gzip size...
[2mdist/[22m[32mindex.html                 [39m[1m[2m    0.73 kB[22m[1m[22m[2m Ôöé gzip:   0.41 kB[22m
[2mdist/[22m[35massets/index-Ds3n4BCZ.css  [39m[1m[2m   71.29 kB[22m[1m[22m[2m Ôöé gzip:  11.52 kB[22m
[2mdist/[22m[36massets/index-BXtyzfmM.js   [39m[1m[33m1,159.55 kB[39m[22m[2m Ôöé gzip: 296.30 kB[22m
npm : [33m
En línea: 1 Carácter: 1
+ npm run build > build_output.txt 2>&1; 
Get-Content build_output.txt | ...
+ ~~~~~~~~~~~~~~~~~~~~~~~~~~~~~~~~~~~~~
    + CategoryInfo          : NotSpecified:  
   ([33m:String) [], RemoteException
    + FullyQualifiedErrorId : NativeCommandE 
   rror
 
(!) Some chunks are larger than 500 kB after 
minification. Consider:
- Using dynamic import() to code-split the 
application
- Use 
build.rollupOptions.output.manualChunks to 
improve chunking: https://rollupjs.org/config
uration-options/#output-manualchunks
- Adjust chunk size limit for this warning 
via build.chunkSizeWarningLimit.[39m
[32mÔ£ô built in 14.96s[39m
