src/pages/dashboard/Attendance.tsx(2,26): error TS2307: Cannot find module '@/lib/firebase/config' or its corresponding type declarations.
src/pages/dashboard/Attendance.tsx(18,20): error TS2307: Cannot find module '@/lib/utils' or its corresponding type declarations.
src/pages/dashboard/Attendance.tsx(48,8): error TS2307: Cannot find module '@/components/ui/dialog' or its corresponding type declarations.
src/pages/dashboard/Attendance.tsx(49,23): error TS2307: Cannot find module '@/components/ui/label' or its corresponding type declarations.
src/pages/dashboard/Attendance.tsx(638,47): error TS17004: Cannot use JSX unless the '--jsx' flag is provided.
src/pages/dashboard/Attendance.tsx(638,88): error TS17004: Cannot use JSX unless the '--jsx' flag is provided.
src/pages/dashboard/Attendance.tsx(641,5): error TS17004: Cannot use JSX unless the '--jsx' flag is provided.
src/pages/dashboard/Attendance.tsx(643,9): error TS17004: Cannot use JSX unless the '--jsx' flag is provided.
src/pages/dashboard/Attendance.tsx(644,11): error TS17004: Cannot use JSX unless the '--jsx' flag is provided.
src/pages/dashboard/Attendance.tsx(645,13): error TS17004: Cannot use JSX unless the '--jsx' flag is provided.
src/pages/dashboard/Attendance.tsx(650,11): error TS17004: Cannot use JSX unless the '--jsx' flag is provided.
src/pages/dashboard/Attendance.tsx(651,15): error TS17004: Cannot use JSX unless the '--jsx' flag is provided.
src/pages/dashboard/Attendance.tsx(652,17): error TS17004: Cannot use JSX unless the '--jsx' flag is provided.
src/pages/dashboard/Attendance.tsx(653,19): error TS17004: Cannot use JSX unless the '--jsx' flag is provided.
src/pages/dashboard/Attendance.tsx(654,21): error TS17004: Cannot use JSX unless the '--jsx' flag is provided.
src/pages/dashboard/Attendance.tsx(655,21): error TS17004: Cannot use JSX unless the '--jsx' flag is provided.
src/pages/dashboard/Attendance.tsx(658,17): error TS17004: Cannot use JSX unless the '--jsx' flag is provided.
src/pages/dashboard/Attendance.tsx(659,19): error TS17004: Cannot use JSX unless the '--jsx' flag is provided.
src/pages/dashboard/Attendance.tsx(660,21): error TS17004: Cannot use JSX unless the '--jsx' flag is provided.
src/pages/dashboard/Attendance.tsx(661,21): error TS17004: Cannot use JSX unless the '--jsx' flag is provided.
src/pages/dashboard/Attendance.tsx(665,19): error TS17004: Cannot use JSX unless the '--jsx' flag is provided.
src/pages/dashboard/Attendance.tsx(666,21): error TS17004: Cannot use JSX unless the '--jsx' flag is provided.
src/pages/dashboard/Attendance.tsx(667,23): error TS17004: Cannot use JSX unless the '--jsx' flag is provided.
src/pages/dashboard/Attendance.tsx(668,23): error TS17004: Cannot use JSX unless the '--jsx' flag is provided.
src/pages/dashboard/Attendance.tsx(675,21): error TS17004: Cannot use JSX unless the '--jsx' flag is provided.
src/pages/dashboard/Attendance.tsx(676,23): error TS17004: Cannot use JSX unless the '--jsx' flag is provided.
src/pages/dashboard/Attendance.tsx(677,23): error TS17004: Cannot use JSX unless the '--jsx' flag is provided.
src/pages/dashboard/Attendance.tsx(682,25): error TS17004: Cannot use JSX unless the '--jsx' flag is provided.
src/pages/dashboard/Attendance.tsx(683,42): error TS17004: Cannot use JSX unless the '--jsx' flag is provided.
src/pages/dashboard/Attendance.tsx(686,21): error TS17004: Cannot use JSX unless the '--jsx' flag is provided.
src/pages/dashboard/Attendance.tsx(687,23): error TS17004: Cannot use JSX unless the '--jsx' flag is provided.
src/pages/dashboard/Attendance.tsx(688,23): error TS17004: Cannot use JSX unless the '--jsx' flag is provided.
src/pages/dashboard/Attendance.tsx(693,25): error TS17004: Cannot use JSX unless the '--jsx' flag is provided.
src/pages/dashboard/Attendance.tsx(694,44): error TS17004: Cannot use JSX unless the '--jsx' flag is provided.
src/pages/dashboard/Attendance.tsx(698,23): error TS17004: Cannot use JSX unless the '--jsx' flag is provided.
src/pages/dashboard/Attendance.tsx(699,25): error TS17004: Cannot use JSX unless the '--jsx' flag is provided.
src/pages/dashboard/Attendance.tsx(700,25): error TS17004: Cannot use JSX unless the '--jsx' flag is provided.
src/pages/dashboard/Attendance.tsx(705,27): error TS17004: Cannot use JSX unless the '--jsx' flag is provided.
src/pages/dashboard/Attendance.tsx(706,46): error TS17004: Cannot use JSX unless the '--jsx' flag is provided.
src/pages/dashboard/Attendance.tsx(710,21): error TS17004: Cannot use JSX unless the '--jsx' flag is provided.
src/pages/dashboard/Attendance.tsx(722,11): error TS17004: Cannot use JSX unless the '--jsx' flag is provided.
src/pages/dashboard/Attendance.tsx(723,13): error TS17004: Cannot use JSX unless the '--jsx' flag is provided.
src/pages/dashboard/Attendance.tsx(724,15): error TS17004: Cannot use JSX unless the '--jsx' flag is provided.
src/pages/dashboard/Attendance.tsx(725,17): error TS17004: Cannot use JSX unless the '--jsx' flag is provided.
src/pages/dashboard/Attendance.tsx(727,15): error TS17004: Cannot use JSX unless the '--jsx' flag is provided.
src/pages/dashboard/Attendance.tsx(728,15): error TS17004: Cannot use JSX unless the '--jsx' flag is provided.
src/pages/dashboard/Attendance.tsx(732,13): error TS17004: Cannot use JSX unless the '--jsx' flag is provided.
src/pages/dashboard/Attendance.tsx(733,15): error TS17004: Cannot use JSX unless the '--jsx' flag is provided.
src/pages/dashboard/Attendance.tsx(734,17): error TS17004: Cannot use JSX unless the '--jsx' flag is provided.
src/pages/dashboard/Attendance.tsx(736,15): error TS17004: Cannot use JSX unless the '--jsx' flag is provided.
src/pages/dashboard/Attendance.tsx(737,15): error TS17004: Cannot use JSX unless the '--jsx' flag is provided.
src/pages/dashboard/Attendance.tsx(741,13): error TS17004: Cannot use JSX unless the '--jsx' flag is provided.
src/pages/dashboard/Attendance.tsx(742,15): error TS17004: Cannot use JSX unless the '--jsx' flag is provided.
src/pages/dashboard/Attendance.tsx(743,17): error TS17004: Cannot use JSX unless the '--jsx' flag is provided.
src/pages/dashboard/Attendance.tsx(745,15): error TS17004: Cannot use JSX unless the '--jsx' flag is provided.
src/pages/dashboard/Attendance.tsx(746,15): error TS17004: Cannot use JSX unless the '--jsx' flag is provided.
src/pages/dashboard/Attendance.tsx(750,13): error TS17004: Cannot use JSX unless the '--jsx' flag is provided.
src/pages/dashboard/Attendance.tsx(751,15): error TS17004: Cannot use JSX unless the '--jsx' flag is provided.
src/pages/dashboard/Attendance.tsx(752,17): error TS17004: Cannot use JSX unless the '--jsx' flag is provided.
src/pages/dashboard/Attendance.tsx(754,15): error TS17004: Cannot use JSX unless the '--jsx' flag is provided.
src/pages/dashboard/Attendance.tsx(755,15): error TS17004: Cannot use JSX unless the '--jsx' flag is provided.
src/pages/dashboard/Attendance.tsx(764,11): error TS17004: Cannot use JSX unless the '--jsx' flag is provided.
src/pages/dashboard/Attendance.tsx(765,13): error TS17004: Cannot use JSX unless the '--jsx' flag is provided.
src/pages/dashboard/Attendance.tsx(766,15): error TS17004: Cannot use JSX unless the '--jsx' flag is provided.
src/pages/dashboard/Attendance.tsx(767,17): error TS17004: Cannot use JSX unless the '--jsx' flag is provided.
src/pages/dashboard/Attendance.tsx(770,15): error TS17004: Cannot use JSX unless the '--jsx' flag is provided.
src/pages/dashboard/Attendance.tsx(771,17): error TS17004: Cannot use JSX unless the '--jsx' flag is provided.
src/pages/dashboard/Attendance.tsx(772,17): error TS17004: Cannot use JSX unless the '--jsx' flag is provided.
src/pages/dashboard/Attendance.tsx(782,15): error TS17004: Cannot use JSX unless the '--jsx' flag is provided.
src/pages/dashboard/Attendance.tsx(783,17): error TS17004: Cannot use JSX unless the '--jsx' flag is provided.
src/pages/dashboard/Attendance.tsx(784,19): error TS17004: Cannot use JSX unless the '--jsx' flag is provided.
src/pages/dashboard/Attendance.tsx(786,17): error TS17004: Cannot use JSX unless the '--jsx' flag is provided.
src/pages/dashboard/Attendance.tsx(787,17): error TS17004: Cannot use JSX unless the '--jsx' flag is provided.
src/pages/dashboard/Attendance.tsx(790,15): error TS17004: Cannot use JSX unless the '--jsx' flag is provided.
src/pages/dashboard/Attendance.tsx(792,19): error TS17004: Cannot use JSX unless the '--jsx' flag is provided.
src/pages/dashboard/Attendance.tsx(802,21): error TS17004: Cannot use JSX unless the '--jsx' flag is provided.
src/pages/dashboard/Attendance.tsx(803,23): error TS17004: Cannot use JSX unless the '--jsx' flag is provided.
src/pages/dashboard/Attendance.tsx(804,25): error TS17004: Cannot use JSX unless the '--jsx' flag is provided.
src/pages/dashboard/Attendance.tsx(806,23): error TS17004: Cannot use JSX unless the '--jsx' flag is provided.
src/pages/dashboard/Attendance.tsx(807,25): error TS17004: Cannot use JSX unless the '--jsx' flag is provided.
src/pages/dashboard/Attendance.tsx(808,27): error TS17004: Cannot use JSX unless the '--jsx' flag is provided.
src/pages/dashboard/Attendance.tsx(809,27): error TS17004: Cannot use JSX unless the '--jsx' flag is provided.
src/pages/dashboard/Attendance.tsx(810,27): error TS17004: Cannot use JSX unless the '--jsx' flag is provided.
src/pages/dashboard/Attendance.tsx(812,29): error TS17004: Cannot use JSX unless the '--jsx' flag is provided.
src/pages/dashboard/Attendance.tsx(813,31): error TS17004: Cannot use JSX unless the '--jsx' flag is provided.
src/pages/dashboard/Attendance.tsx(817,25): error TS17004: Cannot use JSX unless the '--jsx' flag is provided.
src/pages/dashboard/Attendance.tsx(818,25): error TS17004: Cannot use JSX unless the '--jsx' flag is provided.
src/pages/dashboard/Attendance.tsx(819,27): error TS17004: Cannot use JSX unless the '--jsx' flag is provided.
src/pages/dashboard/Attendance.tsx(822,23): error TS17004: Cannot use JSX unless the '--jsx' flag is provided.
src/pages/dashboard/Attendance.tsx(823,26): error TS17004: Cannot use JSX unless the '--jsx' flag is provided.
src/pages/dashboard/Attendance.tsx(824,29): error TS17004: Cannot use JSX unless the '--jsx' flag is provided.
src/pages/dashboard/Attendance.tsx(825,29): error TS17004: Cannot use JSX unless the '--jsx' flag is provided.
src/pages/dashboard/Attendance.tsx(826,29): error TS17004: Cannot use JSX unless the '--jsx' flag is provided.
src/pages/dashboard/Attendance.tsx(828,27): error TS17004: Cannot use JSX unless the '--jsx' flag is provided.
src/pages/dashboard/Attendance.tsx(830,29): error TS17004: Cannot use JSX unless the '--jsx' flag is provided.
src/pages/dashboard/Attendance.tsx(838,31): error TS17004: Cannot use JSX unless the '--jsx' flag is provided.
src/pages/dashboard/Attendance.tsx(843,31): error TS17004: Cannot use JSX unless the '--jsx' flag is provided.
src/pages/dashboard/Attendance.tsx(856,33): error TS17004: Cannot use JSX unless the '--jsx' flag is provided.
src/pages/dashboard/Attendance.tsx(859,29): error TS17004: Cannot use JSX unless the '--jsx' flag is provided.
src/pages/dashboard/Attendance.tsx(870,9): error TS17004: Cannot use JSX unless the '--jsx' flag is provided.
src/pages/dashboard/Attendance.tsx(872,11): error TS17004: Cannot use JSX unless the '--jsx' flag is provided.
src/pages/dashboard/Attendance.tsx(873,13): error TS17004: Cannot use JSX unless the '--jsx' flag is provided.
src/pages/dashboard/Attendance.tsx(874,15): error TS17004: Cannot use JSX unless the '--jsx' flag is provided.
src/pages/dashboard/Attendance.tsx(879,17): error TS17004: Cannot use JSX unless the '--jsx' flag is provided.
src/pages/dashboard/Attendance.tsx(881,15): error TS17004: Cannot use JSX unless the '--jsx' flag is provided.
src/pages/dashboard/Attendance.tsx(882,17): error TS17004: Cannot use JSX unless the '--jsx' flag is provided.
src/pages/dashboard/Attendance.tsx(885,17): error TS17004: Cannot use JSX unless the '--jsx' flag is provided.
src/pages/dashboard/Attendance.tsx(892,11): error TS17004: Cannot use JSX unless the '--jsx' flag is provided.
src/pages/dashboard/Attendance.tsx(894,13): error TS17004: Cannot use JSX unless the '--jsx' flag is provided.
src/pages/dashboard/Attendance.tsx(895,15): error TS17004: Cannot use JSX unless the '--jsx' flag is provided.
src/pages/dashboard/Attendance.tsx(896,17): error TS17004: Cannot use JSX unless the '--jsx' flag is provided.
src/pages/dashboard/Attendance.tsx(897,17): error TS17004: Cannot use JSX unless the '--jsx' flag is provided.
src/pages/dashboard/Attendance.tsx(905,15): error TS17004: Cannot use JSX unless the '--jsx' flag is provided.
src/pages/dashboard/Attendance.tsx(909,17): error TS17004: Cannot use JSX unless the '--jsx' flag is provided.
src/pages/dashboard/Attendance.tsx(915,13): error TS17004: Cannot use JSX unless the '--jsx' flag is provided.
src/pages/dashboard/Attendance.tsx(916,15): error TS17004: Cannot use JSX unless the '--jsx' flag is provided.
src/pages/dashboard/Attendance.tsx(917,17): error TS17004: Cannot use JSX unless the '--jsx' flag is provided.
src/pages/dashboard/Attendance.tsx(919,15): error TS17004: Cannot use JSX unless the '--jsx' flag is provided.
src/pages/dashboard/Attendance.tsx(920,17): error TS17004: Cannot use JSX unless the '--jsx' flag is provided.
src/pages/dashboard/Attendance.tsx(922,15): error TS17004: Cannot use JSX unless the '--jsx' flag is provided.
src/pages/dashboard/Attendance.tsx(923,17): error TS17004: Cannot use JSX unless the '--jsx' flag is provided.
src/pages/dashboard/Attendance.tsx(928,13): error TS17004: Cannot use JSX unless the '--jsx' flag is provided.
src/pages/dashboard/Attendance.tsx(932,17): error TS17004: Cannot use JSX unless the '--jsx' flag is provided.
src/pages/dashboard/Attendance.tsx(939,19): error TS17004: Cannot use JSX unless the '--jsx' flag is provided.
src/pages/dashboard/Attendance.tsx(941,21): error TS17004: Cannot use JSX unless the '--jsx' flag is provided.
src/pages/dashboard/Attendance.tsx(952,21): error TS17004: Cannot use JSX unless the '--jsx' flag is provided.
src/pages/dashboard/Attendance.tsx(953,23): error TS17004: Cannot use JSX unless the '--jsx' flag is provided.
src/pages/dashboard/Attendance.tsx(954,25): error TS17004: Cannot use JSX unless the '--jsx' flag is provided.
src/pages/dashboard/Attendance.tsx(956,27): error TS17004: Cannot use JSX unless the '--jsx' flag is provided.
src/pages/dashboard/Attendance.tsx(959,23): error TS17004: Cannot use JSX unless the '--jsx' flag is provided.
src/pages/dashboard/Attendance.tsx(966,19): error TS17004: Cannot use JSX unless the '--jsx' flag is provided.
src/pages/dashboard/Attendance.tsx(967,21): error TS17004: Cannot use JSX unless the '--jsx' flag is provided.
src/pages/dashboard/Attendance.tsx(974,23): error TS17004: Cannot use JSX unless the '--jsx' flag is provided.
src/pages/dashboard/Attendance.tsx(976,21): error TS17004: Cannot use JSX unless the '--jsx' flag is provided.
src/pages/dashboard/Attendance.tsx(983,23): error TS17004: Cannot use JSX unless the '--jsx' flag is provided.
src/pages/dashboard/Attendance.tsx(985,21): error TS17004: Cannot use JSX unless the '--jsx' flag is provided.
src/pages/dashboard/Attendance.tsx(992,23): error TS17004: Cannot use JSX unless the '--jsx' flag is provided.
src/pages/dashboard/Attendance.tsx(998,21): error TS17004: Cannot use JSX unless the '--jsx' flag is provided.
src/pages/dashboard/Attendance.tsx(999,24): error TS17004: Cannot use JSX unless the '--jsx' flag is provided.
src/pages/dashboard/Attendance.tsx(1000,24): error TS17004: Cannot use JSX unless the '--jsx' flag is provided.
src/pages/dashboard/Attendance.tsx(1009,26): error TS17004: Cannot use JSX unless the '--jsx' flag is provided.
src/pages/dashboard/Attendance.tsx(1020,11): error TS17004: Cannot use JSX unless the '--jsx' flag is provided.
src/pages/dashboard/Attendance.tsx(1021,13): error TS17004: Cannot use JSX unless the '--jsx' flag is provided.
